
> nextjs_tailwind_shadcn_ts@0.1.0 build
> next build && cp -r .next/static .next/standalone/.next/ && cp -r public .next/standalone/

   Γû▓ Next.js 15.3.5

   Creating an optimized production build ...
 Γ£ô Compiled successfully in 1000ms
   Skipping validation of types
   Skipping linting
   Collecting page data ...
node.exe : Error: 
@prisma/client did 
not initialize yet. 
Please run "prisma 
generate" and try to 
import it again.
At C:\Program Files\n
odejs\npm.ps1:29 
char:3
+   & $NODE_EXE 
$NPM_CLI_JS $args
+   ~~~~~~~~~~~~~~~~~
~~~~~~~~~~~~
    + CategoryInfo   
           : NotSpe  
  cified: (Error:    
 @prisma/...mport    
 it again.:Strin    
g) [], RemoteExc    
eption
    + FullyQualified 
   ErrorId : Native  
  CommandError
 
    at 1678 (D:\proje
ct\Structify AI AI 
powered unstructured 
data to structured 
data converter\.next\
server\app\api\auth\r
egister\route.js:1:66
6)
    at t (D:\project\
Structify AI AI 
powered unstructured 
data to structured 
data converter\.next\
server\webpack-runtim
e.js:1:127)
    at 1230 (D:\proje
ct\Structify AI AI 
powered unstructured 
data to structured 
data converter\.next\
server\app\api\auth\r
egister\route.js:1:21
8)
    at t (D:\project\
Structify AI AI 
powered unstructured 
data to structured 
data converter\.next\
server\webpack-runtim
e.js:1:127)
    at 7106 (D:\proje
ct\Structify AI AI 
powered unstructured 
data to structured 
data converter\.next\
server\app\api\auth\r
egister\route.js:1:13
13)
    at t (D:\project\
Structify AI AI 
powered unstructured 
data to structured 
data converter\.next\
server\webpack-runtim
e.js:1:127)
    at t (D:\project\
Structify AI AI 
powered unstructured 
data to structured 
data converter\.next\
server\app\api\auth\r
egister\route.js:1:26
71)
    at <unknown> (D:\
project\Structify AI 
AI powered 
unstructured data to 
structured data conve
rter\.next\server\app
\api\auth\register\ro
ute.js:1:2706)
    at t.X (D:\projec
t\Structify AI AI 
powered unstructured 
data to structured 
data converter\.next\
server\webpack-runtim
e.js:1:1191)

> Build error 
occurred
[Error: Failed to 
collect page data 
for 
/api/auth/register] {
  type: 'Error'
}
